// Vitest Snapshot v1, https://vitest.dev/guide/snapshot.html

exports[`Rollback API > should handle rollback successfully 1`] = `"{"success":true,"newPath":"updates/1.0.0/20200513123337.zip"}"`;

exports[`Rollback API > should return 400 for missing required fields 1`] = `
{
  "error": "Missing path",
}
`;

exports[`Rollback API > should return 401 for missing bearer token 1`] = `
{
  "error": "Unauthorized",
}
`;

exports[`Rollback API > should return 405 for non-POST requests 1`] = `
{
  "error": "Method not allowed",
}
`;
